******************************************************************************
                  MSP430 Linker Unix v21.6.0                   
******************************************************************************
>> Linked Wed May 25 16:23:14 2022

OUTPUT FILE NAME:   <7SegTask.out>
ENTRY POINT SYMBOL: "_c_int00_noargs"  address: 0000cc2e


MEMORY CONFIGURATION

         name            origin    length      used     unused   attr    fill
----------------------  --------  ---------  --------  --------  ----  --------
  SFR                   00000000   00000010  00000000  00000010  RWIX
  PERIPHERALS_8BIT      00000010   000000f0  00000000  000000f0  RWIX
  PERIPHERALS_16BIT     00000100   00000100  00000000  00000100  RWIX
  RAM                   00000200   00000200  00000070  00000190  RWIX
  INFOD                 00001000   00000040  00000000  00000040  RWIX
  INFOC                 00001040   00000040  00000000  00000040  RWIX
  INFOB                 00001080   00000040  00000000  00000040  RWIX
  INFOA                 000010c0   00000040  00000000  00000040  RWIX
  FLASH                 0000c000   00003fde  00000ce0  000032fe  RWIX
  BSLSIGNATURE          0000ffde   00000002  00000002  00000000  RWIX  ffff 
  INT00                 0000ffe0   00000002  00000002  00000000  RWIX
  INT01                 0000ffe2   00000002  00000000  00000002  RWIX
  INT02                 0000ffe4   00000002  00000002  00000000  RWIX
  INT03                 0000ffe6   00000002  00000002  00000000  RWIX
  INT04                 0000ffe8   00000002  00000000  00000002  RWIX
  INT05                 0000ffea   00000002  00000002  00000000  RWIX
  INT06                 0000ffec   00000002  00000002  00000000  RWIX
  INT07                 0000ffee   00000002  00000002  00000000  RWIX
  INT08                 0000fff0   00000002  00000002  00000000  RWIX
  INT09                 0000fff2   00000002  00000002  00000000  RWIX
  INT10                 0000fff4   00000002  00000002  00000000  RWIX
  INT11                 0000fff6   00000002  00000002  00000000  RWIX
  INT12                 0000fff8   00000002  00000002  00000000  RWIX
  INT13                 0000fffa   00000002  00000002  00000000  RWIX
  INT14                 0000fffc   00000002  00000002  00000000  RWIX
  RESET                 0000fffe   00000002  00000002  00000000  RWIX


SECTION ALLOCATION MAP

 output                                  attributes/
section   page    origin      length       input sections
--------  ----  ----------  ----------   ----------------
.data      0    00000200    00000020     UNINITIALIZED
                  00000200    00000020     main.obj (.data:index)

.stack     0    000003b0    00000050     UNINITIALIZED
                  000003b0    00000002     rts430_eabi.lib : boot.c.obj (.stack)
                  000003b2    0000004e     --HOLE--

.text      0    0000c000    00000cb4     
                  0000c000    000002c0     rts430_eabi.lib : mpyd.c.obj (.text:__mspabi_mpyd)
                  0000c2c0    00000172                     : frcmpyd.c.obj (.text:__TI_frcmpyd)
                  0000c432    0000013e     main.obj (.text:hex4Digit)
                  0000c570    00000114     rts430_eabi.lib : mult64.asm.obj (.text:__mpyll)
                  0000c684    000000dc                     : cmpd.c.obj (.text:__mspabi_cmpd)
                  0000c760    000000d0     main.obj (.text:write2_7segment)
                  0000c830    000000ac     rts430_eabi.lib : fltlid.c.obj (.text:__mspabi_fltlid)
                  0000c8dc    0000007c                     : copy_decompress_lzss.c.obj (.text:decompress:lzss:__TI_decompress_lzss)
                  0000c958    0000005c                     : lsr32.asm.obj (.text:l_lsr_const)
                  0000c9b4    0000004c                     : lsr16.asm.obj (.text)
                  0000ca00    00000046                     : lsr64.c.obj (.text:__mspabi_srlll)
                  0000ca46    00000044                     : lsl64.c.obj (.text:__mspabi_sllll)
                  0000ca8a    00000042                     : autoinit.c.obj (.text:__TI_auto_init_nobinit_nopinit:__TI_auto_init_nobinit_nopinit)
                  0000cacc    0000003e                     : lsl32.asm.obj (.text:l_lsl_const)
                  0000cb0a    0000003a     main.obj (.text:main)
                  0000cb44    0000002c     rts430_eabi.lib : asr16.asm.obj (.text)
                  0000cb70    0000002c                     : div16s.asm.obj (.text)
                  0000cb9c    0000002c                     : lsl16.asm.obj (.text)
                  0000cbc8    00000026                     : mult32.asm.obj (.text)
                  0000cbee    00000022                     : mult1632.asm.obj (.text:__mpyul)
                  0000cc10    0000001e                     : mult3264.asm.obj (.text:__mpyull)
                  0000cc2e    0000001c                     : boot.c.obj (.text:_c_int00_noargs)
                  0000cc4a    00000016                     : div16u.asm.obj (.text)
                  0000cc60    00000012                     : copy_decompress_none.c.obj (.text:decompress:none:__TI_decompress_none)
                  0000cc72    00000012                     : memcpy.c.obj (.text:memcpy)
                  0000cc84    00000010                     : epilog.asm.obj (.text)
                  0000cc94    0000000c                     : fltid.c.obj (.text:__mspabi_fltid)
                  0000cca0    00000008                     : isr_trap.asm.obj (.text:_isr:__TI_ISR_TRAP)
                  0000cca8    00000006                     : exit.c.obj (.text:abort)
                  0000ccae    00000004                     : pre_init.c.obj (.text:_system_pre_init)
                  0000ccb2    00000002                     : startup.c.obj (.text:_system_post_cinit)

.cinit     0    0000ccb4    0000002c     
                  0000ccb4    00000024     (.cinit..data.load) [load image]
                  0000ccd8    00000004     (__TI_handler_table)
                  0000ccdc    00000004     (__TI_cinit_table)

.binit     0    0000c000    00000000     

.init_array 
*          0    0000c000    00000000     UNINITIALIZED

TRAPINT    0    0000ffe0    00000002     
                  0000ffe0    00000002     rts430_eabi.lib : int00.asm.obj (.int00)

PORT1      0    0000ffe4    00000002     
                  0000ffe4    00000002     rts430_eabi.lib : int02.asm.obj (.int02)

PORT2      0    0000ffe6    00000002     
                  0000ffe6    00000002     rts430_eabi.lib : int03.asm.obj (.int03)

ADC10      0    0000ffea    00000002     
                  0000ffea    00000002     rts430_eabi.lib : int05.asm.obj (.int05)

USCIAB0TX 
*          0    0000ffec    00000002     
                  0000ffec    00000002     rts430_eabi.lib : int06.asm.obj (.int06)

USCIAB0RX 
*          0    0000ffee    00000002     
                  0000ffee    00000002     rts430_eabi.lib : int07.asm.obj (.int07)

TIMER0_A1 
*          0    0000fff0    00000002     
                  0000fff0    00000002     rts430_eabi.lib : int08.asm.obj (.int08)

TIMER0_A0 
*          0    0000fff2    00000002     
                  0000fff2    00000002     rts430_eabi.lib : int09.asm.obj (.int09)

WDT        0    0000fff4    00000002     
                  0000fff4    00000002     rts430_eabi.lib : int10.asm.obj (.int10)

COMPARATORA 
*          0    0000fff6    00000002     
                  0000fff6    00000002     rts430_eabi.lib : int11.asm.obj (.int11)

TIMER1_A1 
*          0    0000fff8    00000002     
                  0000fff8    00000002     rts430_eabi.lib : int12.asm.obj (.int12)

TIMER1_A0 
*          0    0000fffa    00000002     
                  0000fffa    00000002     rts430_eabi.lib : int13.asm.obj (.int13)

NMI        0    0000fffc    00000002     
                  0000fffc    00000002     rts430_eabi.lib : int14.asm.obj (.int14)

.reset     0    0000fffe    00000002     
                  0000fffe    00000002     rts430_eabi.lib : boot.c.obj (.reset)

$fill000   0    0000ffde    00000002     
                  0000ffde    00000002     --HOLE-- [fill = ffff]

MODULE SUMMARY

       Module                       code   ro data   rw data
       ------                       ----   -------   -------
    ./
       main.obj                     584    0         32     
    +--+----------------------------+------+---------+---------+
       Total:                       584    0         32     
                                                            
    /home/nugget/ti/ccs1120/ccs/tools/compiler/ti-cgt-msp430_21.6.0.LTS/lib/rts430_eabi.lib
       mpyd.c.obj                   704    0         0      
       frcmpyd.c.obj                370    0         0      
       mult64.asm.obj               276    0         0      
       cmpd.c.obj                   220    0         0      
       fltlid.c.obj                 172    0         0      
       copy_decompress_lzss.c.obj   124    0         0      
       lsr32.asm.obj                92     0         0      
       lsr16.asm.obj                76     0         0      
       lsr64.c.obj                  70     0         0      
       lsl64.c.obj                  68     0         0      
       autoinit.c.obj               66     0         0      
       lsl32.asm.obj                62     0         0      
       asr16.asm.obj                44     0         0      
       div16s.asm.obj               44     0         0      
       lsl16.asm.obj                44     0         0      
       mult32.asm.obj               38     0         0      
       mult1632.asm.obj             34     0         0      
       boot.c.obj                   28     2         0      
       mult3264.asm.obj             30     0         0      
       div16u.asm.obj               22     0         0      
       copy_decompress_none.c.obj   18     0         0      
       memcpy.c.obj                 18     0         0      
       epilog.asm.obj               16     0         0      
       fltid.c.obj                  12     0         0      
       isr_trap.asm.obj             8      0         0      
       exit.c.obj                   6      0         0      
       pre_init.c.obj               4      0         0      
       int00.asm.obj                0      2         0      
       int02.asm.obj                0      2         0      
       int03.asm.obj                0      2         0      
       int05.asm.obj                0      2         0      
       int06.asm.obj                0      2         0      
       int07.asm.obj                0      2         0      
       int08.asm.obj                0      2         0      
       int09.asm.obj                0      2         0      
       int10.asm.obj                0      2         0      
       int11.asm.obj                0      2         0      
       int12.asm.obj                0      2         0      
       int13.asm.obj                0      2         0      
       int14.asm.obj                0      2         0      
       startup.c.obj                2      0         0      
    +--+----------------------------+------+---------+---------+
       Total:                       2668   28        0      
                                                            
       Stack:                       0      0         80     
       Linker Generated:            0      44        0      
    +--+----------------------------+------+---------+---------+
       Grand Total:                 3252   72        112    


LINKER GENERATED COPY TABLES

__TI_cinit_table @ 0000ccdc records: 1, size/record: 4, table size: 4
	.data: load addr=0000ccb4, load size=00000024 bytes, run addr=00000200, run size=00000020 bytes, compression=copy


LINKER GENERATED HANDLER TABLE

__TI_handler_table @ 0000ccd8 records: 2, size/record: 2, table size: 4
	index: 0, handler: __TI_decompress_lzss
	index: 1, handler: __TI_decompress_none


GLOBAL SYMBOLS: SORTED ALPHABETICALLY BY Name 

address   name                          
-------   ----                          
0000004a  ADC10AE0                      
000001b0  ADC10CTL0                     
000001b2  ADC10CTL1                     
00000048  ADC10DTC0                     
00000049  ADC10DTC1                     
000001b4  ADC10MEM                      
000001bc  ADC10SA                       
00000057  BCSCTL1                       
00000058  BCSCTL2                       
00000053  BCSCTL3                       
0000cca8  C$$EXIT                       
00000059  CACTL1                        
0000005a  CACTL2                        
000010fb  CALBC1_12MHZ                  
000010f9  CALBC1_16MHZ                  
000010ff  CALBC1_1MHZ                   
000010fd  CALBC1_8MHZ                   
000010fa  CALDCO_12MHZ                  
000010f8  CALDCO_16MHZ                  
000010fe  CALDCO_1MHZ                   
000010fc  CALDCO_8MHZ                   
0000005b  CAPD                          
00000056  DCOCTL                        
00000128  FCTL1                         
0000012a  FCTL2                         
0000012c  FCTL3                         
00000000  IE1                           
00000001  IE2                           
00000002  IFG1                          
00000003  IFG2                          
00000022  P1DIR                         
00000025  P1IE                          
00000024  P1IES                         
00000023  P1IFG                         
00000020  P1IN                          
00000021  P1OUT                         
00000027  P1REN                         
00000026  P1SEL                         
00000041  P1SEL2                        
0000002a  P2DIR                         
0000002d  P2IE                          
0000002c  P2IES                         
0000002b  P2IFG                         
00000028  P2IN                          
00000029  P2OUT                         
0000002f  P2REN                         
0000002e  P2SEL                         
00000042  P2SEL2                        
0000001a  P3DIR                         
00000018  P3IN                          
00000019  P3OUT                         
00000010  P3REN                         
0000001b  P3SEL                         
00000043  P3SEL2                        
00000172  TA0CCR0                       
00000174  TA0CCR1                       
00000176  TA0CCR2                       
00000162  TA0CCTL0                      
00000164  TA0CCTL1                      
00000166  TA0CCTL2                      
00000160  TA0CTL                        
0000012e  TA0IV                         
00000170  TA0R                          
00000192  TA1CCR0                       
00000194  TA1CCR1                       
00000196  TA1CCR2                       
00000182  TA1CCTL0                      
00000184  TA1CCTL1                      
00000186  TA1CCTL2                      
00000180  TA1CTL                        
0000011e  TA1IV                         
00000190  TA1R                          
000010db  TLV_ADC10_1_LEN               
000010da  TLV_ADC10_1_TAG               
000010c0  TLV_CHECKSUM                  
000010f7  TLV_DCO_30_LEN                
000010f6  TLV_DCO_30_TAG                
0000005d  UCA0ABCTL                     
00000062  UCA0BR0                       
00000063  UCA0BR1                       
00000060  UCA0CTL0                      
00000061  UCA0CTL1                      
0000005f  UCA0IRRCTL                    
0000005e  UCA0IRTCTL                    
00000064  UCA0MCTL                      
00000066  UCA0RXBUF                     
00000065  UCA0STAT                      
00000067  UCA0TXBUF                     
0000006a  UCB0BR0                       
0000006b  UCB0BR1                       
00000068  UCB0CTL0                      
00000069  UCB0CTL1                      
0000006c  UCB0I2CIE                     
00000118  UCB0I2COA                     
0000011a  UCB0I2CSA                     
0000006e  UCB0RXBUF                     
0000006d  UCB0STAT                      
0000006f  UCB0TXBUF                     
00000120  WDTCTL                        
00000400  __STACK_END                   
00000050  __STACK_SIZE                  
0000ccdc  __TI_CINIT_Base               
0000cce0  __TI_CINIT_Limit              
0000cce0  __TI_CINIT_Warm               
0000ccd8  __TI_Handler_Table_Base       
0000ccdc  __TI_Handler_Table_Limit      
0000cca0  __TI_ISR_TRAP                 
0000ca8a  __TI_auto_init_nobinit_nopinit
0000c8dc  __TI_decompress_lzss          
0000cc60  __TI_decompress_none          
0000c2c0  __TI_frcmpyd                  
0000ffe0  __TI_int00                    
0000ffe4  __TI_int02                    
0000ffe6  __TI_int03                    
0000ffea  __TI_int05                    
0000ffec  __TI_int06                    
0000ffee  __TI_int07                    
0000fff0  __TI_int08                    
0000fff2  __TI_int09                    
0000fff4  __TI_int10                    
0000fff6  __TI_int11                    
0000fff8  __TI_int12                    
0000fffa  __TI_int13                    
0000fffc  __TI_int14                    
ffffffff  __TI_pprof_out_hndl           
ffffffff  __TI_prof_data_size           
ffffffff  __TI_prof_data_start          
ffffffff  __c_args__                    
0000c684  __mspabi_cmpd                 
0000cb70  __mspabi_divi                 
0000cc4a  __mspabi_divu                 
0000cc94  __mspabi_fltid                
0000c830  __mspabi_fltlid               
0000cc90  __mspabi_func_epilog_1        
0000cc8e  __mspabi_func_epilog_2        
0000cc8c  __mspabi_func_epilog_3        
0000cc8a  __mspabi_func_epilog_4        
0000cc88  __mspabi_func_epilog_5        
0000cc86  __mspabi_func_epilog_6        
0000cc84  __mspabi_func_epilog_7        
0000c000  __mspabi_mpyd                 
0000cbc8  __mspabi_mpyl                 
0000cbc8  __mspabi_mpyl_sw              
0000c570  __mspabi_mpyll                
0000c570  __mspabi_mpyll_sw             
0000cbee  __mspabi_mpyul                
0000cbee  __mspabi_mpyul_sw             
0000cc10  __mspabi_mpyull               
0000cc10  __mspabi_mpyull_sw            
0000cb70  __mspabi_remi                 
0000cc4a  __mspabi_remu                 
0000cb9c  __mspabi_slli                 
0000cbc4  __mspabi_slli_1               
0000cbb2  __mspabi_slli_10              
0000cbb0  __mspabi_slli_11              
0000cbae  __mspabi_slli_12              
0000cbac  __mspabi_slli_13              
0000cbaa  __mspabi_slli_14              
0000cba8  __mspabi_slli_15              
0000cbc2  __mspabi_slli_2               
0000cbc0  __mspabi_slli_3               
0000cbbe  __mspabi_slli_4               
0000cbbc  __mspabi_slli_5               
0000cbba  __mspabi_slli_6               
0000cbb8  __mspabi_slli_7               
0000cbb6  __mspabi_slli_8               
0000cbb4  __mspabi_slli_9               
0000cb04  __mspabi_slll_1               
0000cae0  __mspabi_slll_10              
0000cadc  __mspabi_slll_11              
0000cad8  __mspabi_slll_12              
0000cad4  __mspabi_slll_13              
0000cad0  __mspabi_slll_14              
0000cacc  __mspabi_slll_15              
0000cb00  __mspabi_slll_2               
0000cafc  __mspabi_slll_3               
0000caf8  __mspabi_slll_4               
0000caf4  __mspabi_slll_5               
0000caf0  __mspabi_slll_6               
0000caec  __mspabi_slll_7               
0000cae8  __mspabi_slll_8               
0000cae4  __mspabi_slll_9               
0000ca46  __mspabi_sllll                
0000cb44  __mspabi_srai                 
0000cb6c  __mspabi_srai_1               
0000cb5a  __mspabi_srai_10              
0000cb58  __mspabi_srai_11              
0000cb56  __mspabi_srai_12              
0000cb54  __mspabi_srai_13              
0000cb52  __mspabi_srai_14              
0000cb50  __mspabi_srai_15              
0000cb6a  __mspabi_srai_2               
0000cb68  __mspabi_srai_3               
0000cb66  __mspabi_srai_4               
0000cb64  __mspabi_srai_5               
0000cb62  __mspabi_srai_6               
0000cb60  __mspabi_srai_7               
0000cb5e  __mspabi_srai_8               
0000cb5c  __mspabi_srai_9               
0000c9b4  __mspabi_srli                 
0000c9fa  __mspabi_srli_1               
0000c9d6  __mspabi_srli_10              
0000c9d2  __mspabi_srli_11              
0000c9ce  __mspabi_srli_12              
0000c9ca  __mspabi_srli_13              
0000c9c6  __mspabi_srli_14              
0000c9c2  __mspabi_srli_15              
0000c9f6  __mspabi_srli_2               
0000c9f2  __mspabi_srli_3               
0000c9ee  __mspabi_srli_4               
0000c9ea  __mspabi_srli_5               
0000c9e6  __mspabi_srli_6               
0000c9e2  __mspabi_srli_7               
0000c9de  __mspabi_srli_8               
0000c9da  __mspabi_srli_9               
0000c9ac  __mspabi_srll_1               
0000c976  __mspabi_srll_10              
0000c970  __mspabi_srll_11              
0000c96a  __mspabi_srll_12              
0000c964  __mspabi_srll_13              
0000c95e  __mspabi_srll_14              
0000c958  __mspabi_srll_15              
0000c9a6  __mspabi_srll_2               
0000c9a0  __mspabi_srll_3               
0000c99a  __mspabi_srll_4               
0000c994  __mspabi_srll_5               
0000c98e  __mspabi_srll_6               
0000c988  __mspabi_srll_7               
0000c982  __mspabi_srll_8               
0000c97c  __mspabi_srll_9               
0000ca00  __mspabi_srlll                
0000cc2e  _c_int00_noargs               
0000fffe  _reset_vector                 
000003b0  _stack                        
0000ccb2  _system_post_cinit            
0000ccae  _system_pre_init              
0000cca8  abort                         
0000c432  hex4Digit                     
00000200  index                         
0000cb0a  main                          
0000cc72  memcpy                        
0000c760  write2_7segment               


GLOBAL SYMBOLS: SORTED BY Symbol Address 

address   name                          
-------   ----                          
00000000  IE1                           
00000001  IE2                           
00000002  IFG1                          
00000003  IFG2                          
00000010  P3REN                         
00000018  P3IN                          
00000019  P3OUT                         
0000001a  P3DIR                         
0000001b  P3SEL                         
00000020  P1IN                          
00000021  P1OUT                         
00000022  P1DIR                         
00000023  P1IFG                         
00000024  P1IES                         
00000025  P1IE                          
00000026  P1SEL                         
00000027  P1REN                         
00000028  P2IN                          
00000029  P2OUT                         
0000002a  P2DIR                         
0000002b  P2IFG                         
0000002c  P2IES                         
0000002d  P2IE                          
0000002e  P2SEL                         
0000002f  P2REN                         
00000041  P1SEL2                        
00000042  P2SEL2                        
00000043  P3SEL2                        
00000048  ADC10DTC0                     
00000049  ADC10DTC1                     
0000004a  ADC10AE0                      
00000050  __STACK_SIZE                  
00000053  BCSCTL3                       
00000056  DCOCTL                        
00000057  BCSCTL1                       
00000058  BCSCTL2                       
00000059  CACTL1                        
0000005a  CACTL2                        
0000005b  CAPD                          
0000005d  UCA0ABCTL                     
0000005e  UCA0IRTCTL                    
0000005f  UCA0IRRCTL                    
00000060  UCA0CTL0                      
00000061  UCA0CTL1                      
00000062  UCA0BR0                       
00000063  UCA0BR1                       
00000064  UCA0MCTL                      
00000065  UCA0STAT                      
00000066  UCA0RXBUF                     
00000067  UCA0TXBUF                     
00000068  UCB0CTL0                      
00000069  UCB0CTL1                      
0000006a  UCB0BR0                       
0000006b  UCB0BR1                       
0000006c  UCB0I2CIE                     
0000006d  UCB0STAT                      
0000006e  UCB0RXBUF                     
0000006f  UCB0TXBUF                     
00000118  UCB0I2COA                     
0000011a  UCB0I2CSA                     
0000011e  TA1IV                         
00000120  WDTCTL                        
00000128  FCTL1                         
0000012a  FCTL2                         
0000012c  FCTL3                         
0000012e  TA0IV                         
00000160  TA0CTL                        
00000162  TA0CCTL0                      
00000164  TA0CCTL1                      
00000166  TA0CCTL2                      
00000170  TA0R                          
00000172  TA0CCR0                       
00000174  TA0CCR1                       
00000176  TA0CCR2                       
00000180  TA1CTL                        
00000182  TA1CCTL0                      
00000184  TA1CCTL1                      
00000186  TA1CCTL2                      
00000190  TA1R                          
00000192  TA1CCR0                       
00000194  TA1CCR1                       
00000196  TA1CCR2                       
000001b0  ADC10CTL0                     
000001b2  ADC10CTL1                     
000001b4  ADC10MEM                      
000001bc  ADC10SA                       
00000200  index                         
000003b0  _stack                        
00000400  __STACK_END                   
000010c0  TLV_CHECKSUM                  
000010da  TLV_ADC10_1_TAG               
000010db  TLV_ADC10_1_LEN               
000010f6  TLV_DCO_30_TAG                
000010f7  TLV_DCO_30_LEN                
000010f8  CALDCO_16MHZ                  
000010f9  CALBC1_16MHZ                  
000010fa  CALDCO_12MHZ                  
000010fb  CALBC1_12MHZ                  
000010fc  CALDCO_8MHZ                   
000010fd  CALBC1_8MHZ                   
000010fe  CALDCO_1MHZ                   
000010ff  CALBC1_1MHZ                   
0000c000  __mspabi_mpyd                 
0000c2c0  __TI_frcmpyd                  
0000c432  hex4Digit                     
0000c570  __mspabi_mpyll                
0000c570  __mspabi_mpyll_sw             
0000c684  __mspabi_cmpd                 
0000c760  write2_7segment               
0000c830  __mspabi_fltlid               
0000c8dc  __TI_decompress_lzss          
0000c958  __mspabi_srll_15              
0000c95e  __mspabi_srll_14              
0000c964  __mspabi_srll_13              
0000c96a  __mspabi_srll_12              
0000c970  __mspabi_srll_11              
0000c976  __mspabi_srll_10              
0000c97c  __mspabi_srll_9               
0000c982  __mspabi_srll_8               
0000c988  __mspabi_srll_7               
0000c98e  __mspabi_srll_6               
0000c994  __mspabi_srll_5               
0000c99a  __mspabi_srll_4               
0000c9a0  __mspabi_srll_3               
0000c9a6  __mspabi_srll_2               
0000c9ac  __mspabi_srll_1               
0000c9b4  __mspabi_srli                 
0000c9c2  __mspabi_srli_15              
0000c9c6  __mspabi_srli_14              
0000c9ca  __mspabi_srli_13              
0000c9ce  __mspabi_srli_12              
0000c9d2  __mspabi_srli_11              
0000c9d6  __mspabi_srli_10              
0000c9da  __mspabi_srli_9               
0000c9de  __mspabi_srli_8               
0000c9e2  __mspabi_srli_7               
0000c9e6  __mspabi_srli_6               
0000c9ea  __mspabi_srli_5               
0000c9ee  __mspabi_srli_4               
0000c9f2  __mspabi_srli_3               
0000c9f6  __mspabi_srli_2               
0000c9fa  __mspabi_srli_1               
0000ca00  __mspabi_srlll                
0000ca46  __mspabi_sllll                
0000ca8a  __TI_auto_init_nobinit_nopinit
0000cacc  __mspabi_slll_15              
0000cad0  __mspabi_slll_14              
0000cad4  __mspabi_slll_13              
0000cad8  __mspabi_slll_12              
0000cadc  __mspabi_slll_11              
0000cae0  __mspabi_slll_10              
0000cae4  __mspabi_slll_9               
0000cae8  __mspabi_slll_8               
0000caec  __mspabi_slll_7               
0000caf0  __mspabi_slll_6               
0000caf4  __mspabi_slll_5               
0000caf8  __mspabi_slll_4               
0000cafc  __mspabi_slll_3               
0000cb00  __mspabi_slll_2               
0000cb04  __mspabi_slll_1               
0000cb0a  main                          
0000cb44  __mspabi_srai                 
0000cb50  __mspabi_srai_15              
0000cb52  __mspabi_srai_14              
0000cb54  __mspabi_srai_13              
0000cb56  __mspabi_srai_12              
0000cb58  __mspabi_srai_11              
0000cb5a  __mspabi_srai_10              
0000cb5c  __mspabi_srai_9               
0000cb5e  __mspabi_srai_8               
0000cb60  __mspabi_srai_7               
0000cb62  __mspabi_srai_6               
0000cb64  __mspabi_srai_5               
0000cb66  __mspabi_srai_4               
0000cb68  __mspabi_srai_3               
0000cb6a  __mspabi_srai_2               
0000cb6c  __mspabi_srai_1               
0000cb70  __mspabi_divi                 
0000cb70  __mspabi_remi                 
0000cb9c  __mspabi_slli                 
0000cba8  __mspabi_slli_15              
0000cbaa  __mspabi_slli_14              
0000cbac  __mspabi_slli_13              
0000cbae  __mspabi_slli_12              
0000cbb0  __mspabi_slli_11              
0000cbb2  __mspabi_slli_10              
0000cbb4  __mspabi_slli_9               
0000cbb6  __mspabi_slli_8               
0000cbb8  __mspabi_slli_7               
0000cbba  __mspabi_slli_6               
0000cbbc  __mspabi_slli_5               
0000cbbe  __mspabi_slli_4               
0000cbc0  __mspabi_slli_3               
0000cbc2  __mspabi_slli_2               
0000cbc4  __mspabi_slli_1               
0000cbc8  __mspabi_mpyl                 
0000cbc8  __mspabi_mpyl_sw              
0000cbee  __mspabi_mpyul                
0000cbee  __mspabi_mpyul_sw             
0000cc10  __mspabi_mpyull               
0000cc10  __mspabi_mpyull_sw            
0000cc2e  _c_int00_noargs               
0000cc4a  __mspabi_divu                 
0000cc4a  __mspabi_remu                 
0000cc60  __TI_decompress_none          
0000cc72  memcpy                        
0000cc84  __mspabi_func_epilog_7        
0000cc86  __mspabi_func_epilog_6        
0000cc88  __mspabi_func_epilog_5        
0000cc8a  __mspabi_func_epilog_4        
0000cc8c  __mspabi_func_epilog_3        
0000cc8e  __mspabi_func_epilog_2        
0000cc90  __mspabi_func_epilog_1        
0000cc94  __mspabi_fltid                
0000cca0  __TI_ISR_TRAP                 
0000cca8  C$$EXIT                       
0000cca8  abort                         
0000ccae  _system_pre_init              
0000ccb2  _system_post_cinit            
0000ccd8  __TI_Handler_Table_Base       
0000ccdc  __TI_CINIT_Base               
0000ccdc  __TI_Handler_Table_Limit      
0000cce0  __TI_CINIT_Limit              
0000cce0  __TI_CINIT_Warm               
0000ffe0  __TI_int00                    
0000ffe4  __TI_int02                    
0000ffe6  __TI_int03                    
0000ffea  __TI_int05                    
0000ffec  __TI_int06                    
0000ffee  __TI_int07                    
0000fff0  __TI_int08                    
0000fff2  __TI_int09                    
0000fff4  __TI_int10                    
0000fff6  __TI_int11                    
0000fff8  __TI_int12                    
0000fffa  __TI_int13                    
0000fffc  __TI_int14                    
0000fffe  _reset_vector                 
ffffffff  __TI_pprof_out_hndl           
ffffffff  __TI_prof_data_size           
ffffffff  __TI_prof_data_start          
ffffffff  __c_args__                    

[242 symbols]
